# Pairs in trunk:
af-nl
arg-cat
bel-rus
br-fr
ca-it
cat-srd
crh-tur
cy-en
dan-nor
en-ca
en-es
en-gl
eng-kaz
eo-ca
eo-en
eo-es
eo-fr
es-an
es-ast
es-gl
es-it
es-pt
es-ro
eu-en
eu-es
fr-es
fra-cat
hbs-eng
hbs-mkd
hbs-slv
id-ms
is-sv
isl-eng
kaz-rus
kaz-tat
mk-bg
mk-en
mlt-ara
nno-nob
oc-ca
oc-es
pt-ca
pt-gl
rus-ukr
sme-nob
spa-arg
spa-cat
spa-ita
srd-ita
swe-dan
swe-nor
urd-hin

